 
****************************************
check_design summary:
Version:     T-2022.03-SP4
Date:        Tue May 13 17:25:38 2025
****************************************

                   Name                                            Total
--------------------------------------------------------------------------------
Inputs/Outputs                                                    260
    Unconnected ports (LINT-28)                                   199
    Feedthrough (LINT-29)                                           6
    Shorted outputs (LINT-31)                                      39
    Constant outputs (LINT-52)                                     16

Cells                                                             127
    Cells do not drive (LINT-1)                                    31
    Connected to power or ground (LINT-32)                         26
    Nets connected to multiple pins on same cell (LINT-33)         35
    Hier pins without driver and load (LINT-60)                    35

Nets                                                                2
    Unloaded nets (LINT-2)                                          2
--------------------------------------------------------------------------------

Warning: In design 'picorv32_1_1_1_1_1_0_00100000_00000000_00001000', cell 'B_208' does not drive any nets. (LINT-1)
Warning: In design 'picorv32_1_1_1_1_1_0_00100000_00000000_00001000', cell 'B_212' does not drive any nets. (LINT-1)
Warning: In design 'picorv32_1_1_1_1_1_0_00100000_00000000_00001000', cell 'C17113' does not drive any nets. (LINT-1)
Warning: In design 'picorv32_1_1_1_1_1_0_00100000_00000000_00001000', cell 'C17121' does not drive any nets. (LINT-1)
Warning: In design 'picorv32_1_1_1_1_1_0_00100000_00000000_00001000', cell 'C17122' does not drive any nets. (LINT-1)
Warning: In design 'picorv32_1_1_1_1_1_0_00100000_00000000_00001000', cell 'C17168' does not drive any nets. (LINT-1)
Warning: In design 'picorv32_1_1_1_1_1_0_00100000_00000000_00001000', cell 'C17171' does not drive any nets. (LINT-1)
Warning: In design 'picorv32_1_1_1_1_1_0_00100000_00000000_00001000', cell 'C17174' does not drive any nets. (LINT-1)
Warning: In design 'picorv32_1_1_1_1_1_0_00100000_00000000_00001000', cell 'C17175' does not drive any nets. (LINT-1)
Warning: In design 'picorv32_1_1_1_1_1_0_00100000_00000000_00001000', cell 'C17176' does not drive any nets. (LINT-1)
Warning: In design 'picorv32_1_1_1_1_1_0_00100000_00000000_00001000', cell 'B_240' does not drive any nets. (LINT-1)
Warning: In design 'picorv32_1_1_1_1_1_0_00100000_00000000_00001000', cell 'B_241' does not drive any nets. (LINT-1)
Warning: In design 'picorv32_1_1_1_1_1_0_00100000_00000000_00001000', cell 'C17567' does not drive any nets. (LINT-1)
Warning: In design 'picorv32_1_1_1_1_1_0_00100000_00000000_00001000', cell 'C17861' does not drive any nets. (LINT-1)
Warning: In design 'picorv32_1_1_1_1_1_0_00100000_00000000_00001000', cell 'B_245' does not drive any nets. (LINT-1)
Warning: In design 'picorv32_1_1_1_1_1_0_00100000_00000000_00001000', cell 'B_246' does not drive any nets. (LINT-1)
Warning: In design 'picorv32_1_1_1_1_1_0_00100000_00000000_00001000', cell 'C18098' does not drive any nets. (LINT-1)
Warning: In design 'picorv32_1_1_1_1_1_0_00100000_00000000_00001000', cell 'C18109' does not drive any nets. (LINT-1)
Warning: In design 'picorv32_1_1_1_1_1_0_00100000_00000000_00001000', cell 'C18168' does not drive any nets. (LINT-1)
Warning: In design 'picorv32_1_1_1_1_1_0_00100000_00000000_00001000', cell 'C18183' does not drive any nets. (LINT-1)
Warning: In design 'picorv32_1_1_1_1_1_0_00100000_00000000_00001000', cell 'C18190' does not drive any nets. (LINT-1)
Warning: In design 'picorv32_1_1_1_1_1_0_00100000_00000000_00001000', cell 'C18205' does not drive any nets. (LINT-1)
Warning: In design 'picorv32_1_1_1_1_1_0_00100000_00000000_00001000', cell 'C18221' does not drive any nets. (LINT-1)
Warning: In design 'picorv32_1_1_1_1_1_0_00100000_00000000_00001000', cell 'C18452' does not drive any nets. (LINT-1)
Warning: In design 'picorv32_1_1_1_1_1_0_00100000_00000000_00001000', cell 'B_281' does not drive any nets. (LINT-1)
Warning: In design 'picorv32_pcpi_mul', cell 'B_9' does not drive any nets. (LINT-1)
Warning: In design 'picorv32_pcpi_div', cell 'C904' does not drive any nets. (LINT-1)
Warning: In design 'picorv32_pcpi_div', cell 'C908' does not drive any nets. (LINT-1)
Warning: In design 'picorv32_pcpi_div', cell 'C954' does not drive any nets. (LINT-1)
Warning: In design 'picorv32_pcpi_div', cell 'C958' does not drive any nets. (LINT-1)
Warning: In design 'picorv32_pcpi_div', cell 'C998' does not drive any nets. (LINT-1)
Warning: In design 'raven_soc', net 'mem_instr' driven by pin 'cpu/mem_instr' has no loads. (LINT-2)
Warning: In design 'raven_soc', net 'spimemio/SYNOPSYS_UNCONNECTED_1' driven by pin 'spimemio/xfer/dout_tag[3]' has no loads. (LINT-2)
Warning: In design 'picorv32_1_1_1_1_1_0_00100000_00000000_00001000', port 'pcpi_wr' is not connected to any nets. (LINT-28)
Warning: In design 'picorv32_1_1_1_1_1_0_00100000_00000000_00001000', port 'pcpi_rd[31]' is not connected to any nets. (LINT-28)
Warning: In design 'picorv32_1_1_1_1_1_0_00100000_00000000_00001000', port 'pcpi_rd[30]' is not connected to any nets. (LINT-28)
Warning: In design 'picorv32_1_1_1_1_1_0_00100000_00000000_00001000', port 'pcpi_rd[29]' is not connected to any nets. (LINT-28)
Warning: In design 'picorv32_1_1_1_1_1_0_00100000_00000000_00001000', port 'pcpi_rd[28]' is not connected to any nets. (LINT-28)
Warning: In design 'picorv32_1_1_1_1_1_0_00100000_00000000_00001000', port 'pcpi_rd[27]' is not connected to any nets. (LINT-28)
Warning: In design 'picorv32_1_1_1_1_1_0_00100000_00000000_00001000', port 'pcpi_rd[26]' is not connected to any nets. (LINT-28)
Warning: In design 'picorv32_1_1_1_1_1_0_00100000_00000000_00001000', port 'pcpi_rd[25]' is not connected to any nets. (LINT-28)
Warning: In design 'picorv32_1_1_1_1_1_0_00100000_00000000_00001000', port 'pcpi_rd[24]' is not connected to any nets. (LINT-28)
Warning: In design 'picorv32_1_1_1_1_1_0_00100000_00000000_00001000', port 'pcpi_rd[23]' is not connected to any nets. (LINT-28)
Warning: In design 'picorv32_1_1_1_1_1_0_00100000_00000000_00001000', port 'pcpi_rd[22]' is not connected to any nets. (LINT-28)
Warning: In design 'picorv32_1_1_1_1_1_0_00100000_00000000_00001000', port 'pcpi_rd[21]' is not connected to any nets. (LINT-28)
Warning: In design 'picorv32_1_1_1_1_1_0_00100000_00000000_00001000', port 'pcpi_rd[20]' is not connected to any nets. (LINT-28)
Warning: In design 'picorv32_1_1_1_1_1_0_00100000_00000000_00001000', port 'pcpi_rd[19]' is not connected to any nets. (LINT-28)
Warning: In design 'picorv32_1_1_1_1_1_0_00100000_00000000_00001000', port 'pcpi_rd[18]' is not connected to any nets. (LINT-28)
Warning: In design 'picorv32_1_1_1_1_1_0_00100000_00000000_00001000', port 'pcpi_rd[17]' is not connected to any nets. (LINT-28)
Warning: In design 'picorv32_1_1_1_1_1_0_00100000_00000000_00001000', port 'pcpi_rd[16]' is not connected to any nets. (LINT-28)
Warning: In design 'picorv32_1_1_1_1_1_0_00100000_00000000_00001000', port 'pcpi_rd[15]' is not connected to any nets. (LINT-28)
Warning: In design 'picorv32_1_1_1_1_1_0_00100000_00000000_00001000', port 'pcpi_rd[14]' is not connected to any nets. (LINT-28)
Warning: In design 'picorv32_1_1_1_1_1_0_00100000_00000000_00001000', port 'pcpi_rd[13]' is not connected to any nets. (LINT-28)
Warning: In design 'picorv32_1_1_1_1_1_0_00100000_00000000_00001000', port 'pcpi_rd[12]' is not connected to any nets. (LINT-28)
Warning: In design 'picorv32_1_1_1_1_1_0_00100000_00000000_00001000', port 'pcpi_rd[11]' is not connected to any nets. (LINT-28)
Warning: In design 'picorv32_1_1_1_1_1_0_00100000_00000000_00001000', port 'pcpi_rd[10]' is not connected to any nets. (LINT-28)
Warning: In design 'picorv32_1_1_1_1_1_0_00100000_00000000_00001000', port 'pcpi_rd[9]' is not connected to any nets. (LINT-28)
Warning: In design 'picorv32_1_1_1_1_1_0_00100000_00000000_00001000', port 'pcpi_rd[8]' is not connected to any nets. (LINT-28)
Warning: In design 'picorv32_1_1_1_1_1_0_00100000_00000000_00001000', port 'pcpi_rd[7]' is not connected to any nets. (LINT-28)
Warning: In design 'picorv32_1_1_1_1_1_0_00100000_00000000_00001000', port 'pcpi_rd[6]' is not connected to any nets. (LINT-28)
Warning: In design 'picorv32_1_1_1_1_1_0_00100000_00000000_00001000', port 'pcpi_rd[5]' is not connected to any nets. (LINT-28)
Warning: In design 'picorv32_1_1_1_1_1_0_00100000_00000000_00001000', port 'pcpi_rd[4]' is not connected to any nets. (LINT-28)
Warning: In design 'picorv32_1_1_1_1_1_0_00100000_00000000_00001000', port 'pcpi_rd[3]' is not connected to any nets. (LINT-28)
Warning: In design 'picorv32_1_1_1_1_1_0_00100000_00000000_00001000', port 'pcpi_rd[2]' is not connected to any nets. (LINT-28)
Warning: In design 'picorv32_1_1_1_1_1_0_00100000_00000000_00001000', port 'pcpi_rd[1]' is not connected to any nets. (LINT-28)
Warning: In design 'picorv32_1_1_1_1_1_0_00100000_00000000_00001000', port 'pcpi_rd[0]' is not connected to any nets. (LINT-28)
Warning: In design 'picorv32_1_1_1_1_1_0_00100000_00000000_00001000', port 'pcpi_wait' is not connected to any nets. (LINT-28)
Warning: In design 'picorv32_1_1_1_1_1_0_00100000_00000000_00001000', port 'pcpi_ready' is not connected to any nets. (LINT-28)
Warning: In design 'spimemio', port 'cfgreg_di[30]' is not connected to any nets. (LINT-28)
Warning: In design 'spimemio', port 'cfgreg_di[29]' is not connected to any nets. (LINT-28)
Warning: In design 'spimemio', port 'cfgreg_di[28]' is not connected to any nets. (LINT-28)
Warning: In design 'spimemio', port 'cfgreg_di[27]' is not connected to any nets. (LINT-28)
Warning: In design 'spimemio', port 'cfgreg_di[26]' is not connected to any nets. (LINT-28)
Warning: In design 'spimemio', port 'cfgreg_di[25]' is not connected to any nets. (LINT-28)
Warning: In design 'spimemio', port 'cfgreg_di[24]' is not connected to any nets. (LINT-28)
Warning: In design 'spimemio', port 'cfgreg_di[23]' is not connected to any nets. (LINT-28)
Warning: In design 'spimemio', port 'cfgreg_di[15]' is not connected to any nets. (LINT-28)
Warning: In design 'spimemio', port 'cfgreg_di[14]' is not connected to any nets. (LINT-28)
Warning: In design 'spimemio', port 'cfgreg_di[13]' is not connected to any nets. (LINT-28)
Warning: In design 'spimemio', port 'cfgreg_di[12]' is not connected to any nets. (LINT-28)
Warning: In design 'spimemio', port 'cfgreg_di[7]' is not connected to any nets. (LINT-28)
Warning: In design 'spimemio', port 'cfgreg_di[6]' is not connected to any nets. (LINT-28)
Warning: In design 'simpleuart', port 'reg_dat_di[31]' is not connected to any nets. (LINT-28)
Warning: In design 'simpleuart', port 'reg_dat_di[30]' is not connected to any nets. (LINT-28)
Warning: In design 'simpleuart', port 'reg_dat_di[29]' is not connected to any nets. (LINT-28)
Warning: In design 'simpleuart', port 'reg_dat_di[28]' is not connected to any nets. (LINT-28)
Warning: In design 'simpleuart', port 'reg_dat_di[27]' is not connected to any nets. (LINT-28)
Warning: In design 'simpleuart', port 'reg_dat_di[26]' is not connected to any nets. (LINT-28)
Warning: In design 'simpleuart', port 'reg_dat_di[25]' is not connected to any nets. (LINT-28)
Warning: In design 'simpleuart', port 'reg_dat_di[24]' is not connected to any nets. (LINT-28)
Warning: In design 'simpleuart', port 'reg_dat_di[23]' is not connected to any nets. (LINT-28)
Warning: In design 'simpleuart', port 'reg_dat_di[22]' is not connected to any nets. (LINT-28)
Warning: In design 'simpleuart', port 'reg_dat_di[21]' is not connected to any nets. (LINT-28)
Warning: In design 'simpleuart', port 'reg_dat_di[20]' is not connected to any nets. (LINT-28)
Warning: In design 'simpleuart', port 'reg_dat_di[19]' is not connected to any nets. (LINT-28)
Warning: In design 'simpleuart', port 'reg_dat_di[18]' is not connected to any nets. (LINT-28)
Warning: In design 'simpleuart', port 'reg_dat_di[17]' is not connected to any nets. (LINT-28)
Warning: In design 'simpleuart', port 'reg_dat_di[16]' is not connected to any nets. (LINT-28)
Warning: In design 'simpleuart', port 'reg_dat_di[15]' is not connected to any nets. (LINT-28)
Warning: In design 'simpleuart', port 'reg_dat_di[14]' is not connected to any nets. (LINT-28)
Warning: In design 'simpleuart', port 'reg_dat_di[13]' is not connected to any nets. (LINT-28)
Warning: In design 'simpleuart', port 'reg_dat_di[12]' is not connected to any nets. (LINT-28)
Warning: In design 'simpleuart', port 'reg_dat_di[11]' is not connected to any nets. (LINT-28)
Warning: In design 'simpleuart', port 'reg_dat_di[10]' is not connected to any nets. (LINT-28)
Warning: In design 'simpleuart', port 'reg_dat_di[9]' is not connected to any nets. (LINT-28)
Warning: In design 'simpleuart', port 'reg_dat_di[8]' is not connected to any nets. (LINT-28)
Warning: In design 'picorv32_pcpi_mul', port 'pcpi_insn[24]' is not connected to any nets. (LINT-28)
Warning: In design 'picorv32_pcpi_mul', port 'pcpi_insn[23]' is not connected to any nets. (LINT-28)
Warning: In design 'picorv32_pcpi_mul', port 'pcpi_insn[22]' is not connected to any nets. (LINT-28)
Warning: In design 'picorv32_pcpi_mul', port 'pcpi_insn[21]' is not connected to any nets. (LINT-28)
Warning: In design 'picorv32_pcpi_mul', port 'pcpi_insn[20]' is not connected to any nets. (LINT-28)
Warning: In design 'picorv32_pcpi_mul', port 'pcpi_insn[19]' is not connected to any nets. (LINT-28)
Warning: In design 'picorv32_pcpi_mul', port 'pcpi_insn[18]' is not connected to any nets. (LINT-28)
Warning: In design 'picorv32_pcpi_mul', port 'pcpi_insn[17]' is not connected to any nets. (LINT-28)
Warning: In design 'picorv32_pcpi_mul', port 'pcpi_insn[16]' is not connected to any nets. (LINT-28)
Warning: In design 'picorv32_pcpi_mul', port 'pcpi_insn[15]' is not connected to any nets. (LINT-28)
Warning: In design 'picorv32_pcpi_mul', port 'pcpi_insn[11]' is not connected to any nets. (LINT-28)
Warning: In design 'picorv32_pcpi_mul', port 'pcpi_insn[10]' is not connected to any nets. (LINT-28)
Warning: In design 'picorv32_pcpi_mul', port 'pcpi_insn[9]' is not connected to any nets. (LINT-28)
Warning: In design 'picorv32_pcpi_mul', port 'pcpi_insn[8]' is not connected to any nets. (LINT-28)
Warning: In design 'picorv32_pcpi_mul', port 'pcpi_insn[7]' is not connected to any nets. (LINT-28)
Warning: In design 'picorv32_pcpi_mul', port 'pcpi_rs1[31]' is not connected to any nets. (LINT-28)
Warning: In design 'picorv32_pcpi_mul', port 'pcpi_rs1[30]' is not connected to any nets. (LINT-28)
Warning: In design 'picorv32_pcpi_mul', port 'pcpi_rs1[29]' is not connected to any nets. (LINT-28)
Warning: In design 'picorv32_pcpi_mul', port 'pcpi_rs1[28]' is not connected to any nets. (LINT-28)
Warning: In design 'picorv32_pcpi_mul', port 'pcpi_rs1[27]' is not connected to any nets. (LINT-28)
Warning: In design 'picorv32_pcpi_mul', port 'pcpi_rs1[26]' is not connected to any nets. (LINT-28)
Warning: In design 'picorv32_pcpi_mul', port 'pcpi_rs1[25]' is not connected to any nets. (LINT-28)
Warning: In design 'picorv32_pcpi_mul', port 'pcpi_rs1[24]' is not connected to any nets. (LINT-28)
Warning: In design 'picorv32_pcpi_mul', port 'pcpi_rs1[23]' is not connected to any nets. (LINT-28)
Warning: In design 'picorv32_pcpi_mul', port 'pcpi_rs1[22]' is not connected to any nets. (LINT-28)
Warning: In design 'picorv32_pcpi_mul', port 'pcpi_rs1[21]' is not connected to any nets. (LINT-28)
Warning: In design 'picorv32_pcpi_mul', port 'pcpi_rs1[20]' is not connected to any nets. (LINT-28)
Warning: In design 'picorv32_pcpi_mul', port 'pcpi_rs1[19]' is not connected to any nets. (LINT-28)
Warning: In design 'picorv32_pcpi_mul', port 'pcpi_rs1[18]' is not connected to any nets. (LINT-28)
Warning: In design 'picorv32_pcpi_mul', port 'pcpi_rs1[17]' is not connected to any nets. (LINT-28)
Warning: In design 'picorv32_pcpi_mul', port 'pcpi_rs1[16]' is not connected to any nets. (LINT-28)
Warning: In design 'picorv32_pcpi_mul', port 'pcpi_rs1[15]' is not connected to any nets. (LINT-28)
Warning: In design 'picorv32_pcpi_mul', port 'pcpi_rs1[14]' is not connected to any nets. (LINT-28)
Warning: In design 'picorv32_pcpi_mul', port 'pcpi_rs1[13]' is not connected to any nets. (LINT-28)
Warning: In design 'picorv32_pcpi_mul', port 'pcpi_rs1[12]' is not connected to any nets. (LINT-28)
Warning: In design 'picorv32_pcpi_mul', port 'pcpi_rs1[11]' is not connected to any nets. (LINT-28)
Warning: In design 'picorv32_pcpi_mul', port 'pcpi_rs1[10]' is not connected to any nets. (LINT-28)
Warning: In design 'picorv32_pcpi_mul', port 'pcpi_rs1[9]' is not connected to any nets. (LINT-28)
Warning: In design 'picorv32_pcpi_mul', port 'pcpi_rs1[8]' is not connected to any nets. (LINT-28)
Warning: In design 'picorv32_pcpi_mul', port 'pcpi_rs1[7]' is not connected to any nets. (LINT-28)
Warning: In design 'picorv32_pcpi_mul', port 'pcpi_rs1[6]' is not connected to any nets. (LINT-28)
Warning: In design 'picorv32_pcpi_mul', port 'pcpi_rs1[5]' is not connected to any nets. (LINT-28)
Warning: In design 'picorv32_pcpi_mul', port 'pcpi_rs1[4]' is not connected to any nets. (LINT-28)
Warning: In design 'picorv32_pcpi_mul', port 'pcpi_rs1[3]' is not connected to any nets. (LINT-28)
Warning: In design 'picorv32_pcpi_mul', port 'pcpi_rs1[2]' is not connected to any nets. (LINT-28)
Warning: In design 'picorv32_pcpi_mul', port 'pcpi_rs1[1]' is not connected to any nets. (LINT-28)
Warning: In design 'picorv32_pcpi_mul', port 'pcpi_rs1[0]' is not connected to any nets. (LINT-28)
Warning: In design 'picorv32_pcpi_mul', port 'pcpi_rs2[31]' is not connected to any nets. (LINT-28)
Warning: In design 'picorv32_pcpi_mul', port 'pcpi_rs2[30]' is not connected to any nets. (LINT-28)
Warning: In design 'picorv32_pcpi_mul', port 'pcpi_rs2[29]' is not connected to any nets. (LINT-28)
Warning: In design 'picorv32_pcpi_mul', port 'pcpi_rs2[28]' is not connected to any nets. (LINT-28)
Warning: In design 'picorv32_pcpi_mul', port 'pcpi_rs2[27]' is not connected to any nets. (LINT-28)
Warning: In design 'picorv32_pcpi_mul', port 'pcpi_rs2[26]' is not connected to any nets. (LINT-28)
Warning: In design 'picorv32_pcpi_mul', port 'pcpi_rs2[25]' is not connected to any nets. (LINT-28)
Warning: In design 'picorv32_pcpi_mul', port 'pcpi_rs2[24]' is not connected to any nets. (LINT-28)
Warning: In design 'picorv32_pcpi_mul', port 'pcpi_rs2[23]' is not connected to any nets. (LINT-28)
Warning: In design 'picorv32_pcpi_mul', port 'pcpi_rs2[22]' is not connected to any nets. (LINT-28)
Warning: In design 'picorv32_pcpi_mul', port 'pcpi_rs2[21]' is not connected to any nets. (LINT-28)
Warning: In design 'picorv32_pcpi_mul', port 'pcpi_rs2[20]' is not connected to any nets. (LINT-28)
Warning: In design 'picorv32_pcpi_mul', port 'pcpi_rs2[19]' is not connected to any nets. (LINT-28)
Warning: In design 'picorv32_pcpi_mul', port 'pcpi_rs2[18]' is not connected to any nets. (LINT-28)
Warning: In design 'picorv32_pcpi_mul', port 'pcpi_rs2[17]' is not connected to any nets. (LINT-28)
Warning: In design 'picorv32_pcpi_mul', port 'pcpi_rs2[16]' is not connected to any nets. (LINT-28)
Warning: In design 'picorv32_pcpi_mul', port 'pcpi_rs2[15]' is not connected to any nets. (LINT-28)
Warning: In design 'picorv32_pcpi_mul', port 'pcpi_rs2[14]' is not connected to any nets. (LINT-28)
Warning: In design 'picorv32_pcpi_mul', port 'pcpi_rs2[13]' is not connected to any nets. (LINT-28)
Warning: In design 'picorv32_pcpi_mul', port 'pcpi_rs2[12]' is not connected to any nets. (LINT-28)
Warning: In design 'picorv32_pcpi_mul', port 'pcpi_rs2[11]' is not connected to any nets. (LINT-28)
Warning: In design 'picorv32_pcpi_mul', port 'pcpi_rs2[10]' is not connected to any nets. (LINT-28)
Warning: In design 'picorv32_pcpi_mul', port 'pcpi_rs2[9]' is not connected to any nets. (LINT-28)
Warning: In design 'picorv32_pcpi_mul', port 'pcpi_rs2[8]' is not connected to any nets. (LINT-28)
Warning: In design 'picorv32_pcpi_mul', port 'pcpi_rs2[7]' is not connected to any nets. (LINT-28)
Warning: In design 'picorv32_pcpi_mul', port 'pcpi_rs2[6]' is not connected to any nets. (LINT-28)
Warning: In design 'picorv32_pcpi_mul', port 'pcpi_rs2[5]' is not connected to any nets. (LINT-28)
Warning: In design 'picorv32_pcpi_mul', port 'pcpi_rs2[4]' is not connected to any nets. (LINT-28)
Warning: In design 'picorv32_pcpi_mul', port 'pcpi_rs2[3]' is not connected to any nets. (LINT-28)
Warning: In design 'picorv32_pcpi_mul', port 'pcpi_rs2[2]' is not connected to any nets. (LINT-28)
Warning: In design 'picorv32_pcpi_mul', port 'pcpi_rs2[1]' is not connected to any nets. (LINT-28)
Warning: In design 'picorv32_pcpi_mul', port 'pcpi_rs2[0]' is not connected to any nets. (LINT-28)
Warning: In design 'picorv32_pcpi_div', port 'pcpi_insn[24]' is not connected to any nets. (LINT-28)
Warning: In design 'picorv32_pcpi_div', port 'pcpi_insn[23]' is not connected to any nets. (LINT-28)
Warning: In design 'picorv32_pcpi_div', port 'pcpi_insn[22]' is not connected to any nets. (LINT-28)
Warning: In design 'picorv32_pcpi_div', port 'pcpi_insn[21]' is not connected to any nets. (LINT-28)
Warning: In design 'picorv32_pcpi_div', port 'pcpi_insn[20]' is not connected to any nets. (LINT-28)
Warning: In design 'picorv32_pcpi_div', port 'pcpi_insn[19]' is not connected to any nets. (LINT-28)
Warning: In design 'picorv32_pcpi_div', port 'pcpi_insn[18]' is not connected to any nets. (LINT-28)
Warning: In design 'picorv32_pcpi_div', port 'pcpi_insn[17]' is not connected to any nets. (LINT-28)
Warning: In design 'picorv32_pcpi_div', port 'pcpi_insn[16]' is not connected to any nets. (LINT-28)
Warning: In design 'picorv32_pcpi_div', port 'pcpi_insn[15]' is not connected to any nets. (LINT-28)
Warning: In design 'picorv32_pcpi_div', port 'pcpi_insn[11]' is not connected to any nets. (LINT-28)
Warning: In design 'picorv32_pcpi_div', port 'pcpi_insn[10]' is not connected to any nets. (LINT-28)
Warning: In design 'picorv32_pcpi_div', port 'pcpi_insn[9]' is not connected to any nets. (LINT-28)
Warning: In design 'picorv32_pcpi_div', port 'pcpi_insn[8]' is not connected to any nets. (LINT-28)
Warning: In design 'picorv32_pcpi_div', port 'pcpi_insn[7]' is not connected to any nets. (LINT-28)
Warning: In design 'spimemio_xfer', port 'din_tag[3]' is not connected to any nets. (LINT-28)
Warning: In design 'spimemio_xfer', port 'din_cont' is not connected to any nets. (LINT-28)
Warning: In design 'spimemio_xfer', port 'dout_tag[3]' is not connected to any nets. (LINT-28)
Warning: In design 'spimemio_xfer', port 'flash_io2_oe' is not connected to any nets. (LINT-28)
Warning: In design 'spimemio_DW01_add_0', port 'A[24]' is not connected to any nets. (LINT-28)
Warning: In design 'spimemio_DW01_add_0', port 'B[24]' is not connected to any nets. (LINT-28)
Warning: In design 'spimemio_DW01_add_0', port 'B[23]' is not connected to any nets. (LINT-28)
Warning: In design 'spimemio_DW01_add_0', port 'B[22]' is not connected to any nets. (LINT-28)
Warning: In design 'spimemio_DW01_add_0', port 'B[21]' is not connected to any nets. (LINT-28)
Warning: In design 'spimemio_DW01_add_0', port 'B[20]' is not connected to any nets. (LINT-28)
Warning: In design 'spimemio_DW01_add_0', port 'B[19]' is not connected to any nets. (LINT-28)
Warning: In design 'spimemio_DW01_add_0', port 'B[18]' is not connected to any nets. (LINT-28)
Warning: In design 'spimemio_DW01_add_0', port 'B[17]' is not connected to any nets. (LINT-28)
Warning: In design 'spimemio_DW01_add_0', port 'B[16]' is not connected to any nets. (LINT-28)
Warning: In design 'spimemio_DW01_add_0', port 'B[15]' is not connected to any nets. (LINT-28)
Warning: In design 'spimemio_DW01_add_0', port 'B[14]' is not connected to any nets. (LINT-28)
Warning: In design 'spimemio_DW01_add_0', port 'B[13]' is not connected to any nets. (LINT-28)
Warning: In design 'spimemio_DW01_add_0', port 'B[12]' is not connected to any nets. (LINT-28)
Warning: In design 'spimemio_DW01_add_0', port 'B[11]' is not connected to any nets. (LINT-28)
Warning: In design 'spimemio_DW01_add_0', port 'B[10]' is not connected to any nets. (LINT-28)
Warning: In design 'spimemio_DW01_add_0', port 'B[9]' is not connected to any nets. (LINT-28)
Warning: In design 'spimemio_DW01_add_0', port 'B[8]' is not connected to any nets. (LINT-28)
Warning: In design 'spimemio_DW01_add_0', port 'B[7]' is not connected to any nets. (LINT-28)
Warning: In design 'spimemio_DW01_add_0', port 'B[6]' is not connected to any nets. (LINT-28)
Warning: In design 'spimemio_DW01_add_0', port 'B[5]' is not connected to any nets. (LINT-28)
Warning: In design 'spimemio_DW01_add_0', port 'B[4]' is not connected to any nets. (LINT-28)
Warning: In design 'spimemio_DW01_add_0', port 'B[3]' is not connected to any nets. (LINT-28)
Warning: In design 'spimemio_DW01_add_0', port 'B[2]' is not connected to any nets. (LINT-28)
Warning: In design 'spimemio_DW01_add_0', port 'B[1]' is not connected to any nets. (LINT-28)
Warning: In design 'spimemio_DW01_add_0', port 'B[0]' is not connected to any nets. (LINT-28)
Warning: In design 'spimemio_DW01_add_0', port 'CI' is not connected to any nets. (LINT-28)
Warning: In design 'spimemio_DW01_add_0', port 'CO' is not connected to any nets. (LINT-28)
Warning: In design 'spimemio', input port 'flash_io0_di' is connected directly to output port 'cfgreg_do[0]'. (LINT-29)
Warning: In design 'spimemio', input port 'flash_io1_di' is connected directly to output port 'cfgreg_do[1]'. (LINT-29)
Warning: In design 'spimemio', input port 'flash_io2_di' is connected directly to output port 'cfgreg_do[2]'. (LINT-29)
Warning: In design 'spimemio', input port 'flash_io3_di' is connected directly to output port 'cfgreg_do[3]'. (LINT-29)
Warning: In design 'spimemio_DW01_add_0', input port 'A[1]' is connected directly to output port 'SUM[1]'. (LINT-29)
Warning: In design 'spimemio_DW01_add_0', input port 'A[0]' is connected directly to output port 'SUM[0]'. (LINT-29)
Warning: In design 'picorv32_1_1_1_1_1_0_00100000_00000000_00001000', output port 'mem_la_addr[1]' is connected directly to output port 'mem_la_addr[0]'. (LINT-31)
Warning: In design 'spimemio', output port 'flash_csb' is connected directly to output port 'cfgreg_do[5]'. (LINT-31)
Warning: In design 'spimemio', output port 'flash_clk' is connected directly to output port 'cfgreg_do[4]'. (LINT-31)
Warning: In design 'spimemio', output port 'cfgreg_do[30]' is connected directly to output port 'cfgreg_do[29]'. (LINT-31)
Warning: In design 'spimemio', output port 'cfgreg_do[30]' is connected directly to output port 'cfgreg_do[28]'. (LINT-31)
Warning: In design 'spimemio', output port 'cfgreg_do[30]' is connected directly to output port 'cfgreg_do[27]'. (LINT-31)
Warning: In design 'spimemio', output port 'cfgreg_do[30]' is connected directly to output port 'cfgreg_do[26]'. (LINT-31)
Warning: In design 'spimemio', output port 'cfgreg_do[30]' is connected directly to output port 'cfgreg_do[25]'. (LINT-31)
Warning: In design 'spimemio', output port 'cfgreg_do[30]' is connected directly to output port 'cfgreg_do[24]'. (LINT-31)
Warning: In design 'spimemio', output port 'cfgreg_do[30]' is connected directly to output port 'cfgreg_do[23]'. (LINT-31)
Warning: In design 'spimemio', output port 'cfgreg_do[30]' is connected directly to output port 'cfgreg_do[15]'. (LINT-31)
Warning: In design 'spimemio', output port 'cfgreg_do[30]' is connected directly to output port 'cfgreg_do[14]'. (LINT-31)
Warning: In design 'spimemio', output port 'cfgreg_do[30]' is connected directly to output port 'cfgreg_do[13]'. (LINT-31)
Warning: In design 'spimemio', output port 'cfgreg_do[30]' is connected directly to output port 'cfgreg_do[12]'. (LINT-31)
Warning: In design 'spimemio', output port 'cfgreg_do[30]' is connected directly to output port 'cfgreg_do[7]'. (LINT-31)
Warning: In design 'spimemio', output port 'cfgreg_do[30]' is connected directly to output port 'cfgreg_do[6]'. (LINT-31)
Warning: In design 'simpleuart', output port 'reg_dat_do[31]' is connected directly to output port 'reg_dat_do[8]'. (LINT-31)
Warning: In design 'simpleuart', output port 'reg_dat_do[31]' is connected directly to output port 'reg_dat_do[9]'. (LINT-31)
Warning: In design 'simpleuart', output port 'reg_dat_do[31]' is connected directly to output port 'reg_dat_do[10]'. (LINT-31)
Warning: In design 'simpleuart', output port 'reg_dat_do[31]' is connected directly to output port 'reg_dat_do[11]'. (LINT-31)
Warning: In design 'simpleuart', output port 'reg_dat_do[31]' is connected directly to output port 'reg_dat_do[12]'. (LINT-31)
Warning: In design 'simpleuart', output port 'reg_dat_do[31]' is connected directly to output port 'reg_dat_do[13]'. (LINT-31)
Warning: In design 'simpleuart', output port 'reg_dat_do[31]' is connected directly to output port 'reg_dat_do[14]'. (LINT-31)
Warning: In design 'simpleuart', output port 'reg_dat_do[31]' is connected directly to output port 'reg_dat_do[15]'. (LINT-31)
Warning: In design 'simpleuart', output port 'reg_dat_do[31]' is connected directly to output port 'reg_dat_do[16]'. (LINT-31)
Warning: In design 'simpleuart', output port 'reg_dat_do[31]' is connected directly to output port 'reg_dat_do[17]'. (LINT-31)
Warning: In design 'simpleuart', output port 'reg_dat_do[31]' is connected directly to output port 'reg_dat_do[18]'. (LINT-31)
Warning: In design 'simpleuart', output port 'reg_dat_do[31]' is connected directly to output port 'reg_dat_do[19]'. (LINT-31)
Warning: In design 'simpleuart', output port 'reg_dat_do[31]' is connected directly to output port 'reg_dat_do[20]'. (LINT-31)
Warning: In design 'simpleuart', output port 'reg_dat_do[31]' is connected directly to output port 'reg_dat_do[21]'. (LINT-31)
Warning: In design 'simpleuart', output port 'reg_dat_do[31]' is connected directly to output port 'reg_dat_do[22]'. (LINT-31)
Warning: In design 'simpleuart', output port 'reg_dat_do[31]' is connected directly to output port 'reg_dat_do[23]'. (LINT-31)
Warning: In design 'simpleuart', output port 'reg_dat_do[31]' is connected directly to output port 'reg_dat_do[24]'. (LINT-31)
Warning: In design 'simpleuart', output port 'reg_dat_do[31]' is connected directly to output port 'reg_dat_do[25]'. (LINT-31)
Warning: In design 'simpleuart', output port 'reg_dat_do[31]' is connected directly to output port 'reg_dat_do[26]'. (LINT-31)
Warning: In design 'simpleuart', output port 'reg_dat_do[31]' is connected directly to output port 'reg_dat_do[27]'. (LINT-31)
Warning: In design 'simpleuart', output port 'reg_dat_do[31]' is connected directly to output port 'reg_dat_do[28]'. (LINT-31)
Warning: In design 'simpleuart', output port 'reg_dat_do[31]' is connected directly to output port 'reg_dat_do[29]'. (LINT-31)
Warning: In design 'simpleuart', output port 'reg_dat_do[31]' is connected directly to output port 'reg_dat_do[30]'. (LINT-31)
Warning: In design 'raven_soc', a pin on submodule 'cpu' is connected to logic 1 or logic 0. (LINT-32)
   Pin 'irq[31]' is connected to logic 0. 
Warning: In design 'raven_soc', a pin on submodule 'cpu' is connected to logic 1 or logic 0. (LINT-32)
   Pin 'irq[30]' is connected to logic 0. 
Warning: In design 'raven_soc', a pin on submodule 'cpu' is connected to logic 1 or logic 0. (LINT-32)
   Pin 'irq[29]' is connected to logic 0. 
Warning: In design 'raven_soc', a pin on submodule 'cpu' is connected to logic 1 or logic 0. (LINT-32)
   Pin 'irq[28]' is connected to logic 0. 
Warning: In design 'raven_soc', a pin on submodule 'cpu' is connected to logic 1 or logic 0. (LINT-32)
   Pin 'irq[27]' is connected to logic 0. 
Warning: In design 'raven_soc', a pin on submodule 'cpu' is connected to logic 1 or logic 0. (LINT-32)
   Pin 'irq[26]' is connected to logic 0. 
Warning: In design 'raven_soc', a pin on submodule 'cpu' is connected to logic 1 or logic 0. (LINT-32)
   Pin 'irq[25]' is connected to logic 0. 
Warning: In design 'raven_soc', a pin on submodule 'cpu' is connected to logic 1 or logic 0. (LINT-32)
   Pin 'irq[24]' is connected to logic 0. 
Warning: In design 'raven_soc', a pin on submodule 'cpu' is connected to logic 1 or logic 0. (LINT-32)
   Pin 'irq[23]' is connected to logic 0. 
Warning: In design 'raven_soc', a pin on submodule 'cpu' is connected to logic 1 or logic 0. (LINT-32)
   Pin 'irq[22]' is connected to logic 0. 
Warning: In design 'raven_soc', a pin on submodule 'cpu' is connected to logic 1 or logic 0. (LINT-32)
   Pin 'irq[21]' is connected to logic 0. 
Warning: In design 'raven_soc', a pin on submodule 'cpu' is connected to logic 1 or logic 0. (LINT-32)
   Pin 'irq[20]' is connected to logic 0. 
Warning: In design 'raven_soc', a pin on submodule 'cpu' is connected to logic 1 or logic 0. (LINT-32)
   Pin 'irq[19]' is connected to logic 0. 
Warning: In design 'raven_soc', a pin on submodule 'cpu' is connected to logic 1 or logic 0. (LINT-32)
   Pin 'irq[18]' is connected to logic 0. 
Warning: In design 'raven_soc', a pin on submodule 'cpu' is connected to logic 1 or logic 0. (LINT-32)
   Pin 'irq[17]' is connected to logic 0. 
Warning: In design 'raven_soc', a pin on submodule 'cpu' is connected to logic 1 or logic 0. (LINT-32)
   Pin 'irq[16]' is connected to logic 0. 
Warning: In design 'raven_soc', a pin on submodule 'cpu' is connected to logic 1 or logic 0. (LINT-32)
   Pin 'irq[15]' is connected to logic 0. 
Warning: In design 'raven_soc', a pin on submodule 'cpu' is connected to logic 1 or logic 0. (LINT-32)
   Pin 'irq[14]' is connected to logic 0. 
Warning: In design 'raven_soc', a pin on submodule 'cpu' is connected to logic 1 or logic 0. (LINT-32)
   Pin 'irq[13]' is connected to logic 0. 
Warning: In design 'raven_soc', a pin on submodule 'cpu' is connected to logic 1 or logic 0. (LINT-32)
   Pin 'irq[12]' is connected to logic 0. 
Warning: In design 'raven_soc', a pin on submodule 'cpu' is connected to logic 1 or logic 0. (LINT-32)
   Pin 'irq[11]' is connected to logic 0. 
Warning: In design 'raven_soc', a pin on submodule 'cpu' is connected to logic 1 or logic 0. (LINT-32)
   Pin 'irq[4]' is connected to logic 0. 
Warning: In design 'raven_soc', a pin on submodule 'cpu' is connected to logic 1 or logic 0. (LINT-32)
   Pin 'irq[3]' is connected to logic 0. 
Warning: In design 'raven_soc', a pin on submodule 'cpu' is connected to logic 1 or logic 0. (LINT-32)
   Pin 'irq[2]' is connected to logic 0. 
Warning: In design 'raven_soc', a pin on submodule 'cpu' is connected to logic 1 or logic 0. (LINT-32)
   Pin 'irq[1]' is connected to logic 0. 
Warning: In design 'raven_soc', a pin on submodule 'cpu' is connected to logic 1 or logic 0. (LINT-32)
   Pin 'irq[0]' is connected to logic 0. 
Warning: In design 'raven_soc', the same net is connected to more than one pin on submodule 'cpu'. (LINT-33)
   Net '*Logic0*' is connected to pins 'irq[31]', 'irq[30]'', 'irq[29]', 'irq[28]', 'irq[27]', 'irq[26]', 'irq[25]', 'irq[24]', 'irq[23]', 'irq[22]', 'irq[21]', 'irq[20]', 'irq[19]', 'irq[18]', 'irq[17]', 'irq[16]', 'irq[15]', 'irq[14]', 'irq[13]', 'irq[12]', 'irq[11]', 'irq[4]', 'irq[3]', 'irq[2]', 'irq[1]', 'irq[0]'.
Warning: In design 'raven_soc', the same net is connected to more than one pin on submodule 'simpleuart'. (LINT-33)
   Net 'ram_wdata[31]' is connected to pins 'reg_div_di[31]', 'reg_dat_di[31]''.
Warning: In design 'raven_soc', the same net is connected to more than one pin on submodule 'simpleuart'. (LINT-33)
   Net 'ram_wdata[30]' is connected to pins 'reg_div_di[30]', 'reg_dat_di[30]''.
Warning: In design 'raven_soc', the same net is connected to more than one pin on submodule 'simpleuart'. (LINT-33)
   Net 'ram_wdata[29]' is connected to pins 'reg_div_di[29]', 'reg_dat_di[29]''.
Warning: In design 'raven_soc', the same net is connected to more than one pin on submodule 'simpleuart'. (LINT-33)
   Net 'ram_wdata[28]' is connected to pins 'reg_div_di[28]', 'reg_dat_di[28]''.
Warning: In design 'raven_soc', the same net is connected to more than one pin on submodule 'simpleuart'. (LINT-33)
   Net 'ram_wdata[27]' is connected to pins 'reg_div_di[27]', 'reg_dat_di[27]''.
Warning: In design 'raven_soc', the same net is connected to more than one pin on submodule 'simpleuart'. (LINT-33)
   Net 'ram_wdata[26]' is connected to pins 'reg_div_di[26]', 'reg_dat_di[26]''.
Warning: In design 'raven_soc', the same net is connected to more than one pin on submodule 'simpleuart'. (LINT-33)
   Net 'ram_wdata[25]' is connected to pins 'reg_div_di[25]', 'reg_dat_di[25]''.
Warning: In design 'raven_soc', the same net is connected to more than one pin on submodule 'simpleuart'. (LINT-33)
   Net 'ram_wdata[24]' is connected to pins 'reg_div_di[24]', 'reg_dat_di[24]''.
Warning: In design 'raven_soc', the same net is connected to more than one pin on submodule 'simpleuart'. (LINT-33)
   Net 'ram_wdata[23]' is connected to pins 'reg_div_di[23]', 'reg_dat_di[23]''.
Warning: In design 'raven_soc', the same net is connected to more than one pin on submodule 'simpleuart'. (LINT-33)
   Net 'ram_wdata[22]' is connected to pins 'reg_div_di[22]', 'reg_dat_di[22]''.
Warning: In design 'raven_soc', the same net is connected to more than one pin on submodule 'simpleuart'. (LINT-33)
   Net 'ram_wdata[21]' is connected to pins 'reg_div_di[21]', 'reg_dat_di[21]''.
Warning: In design 'raven_soc', the same net is connected to more than one pin on submodule 'simpleuart'. (LINT-33)
   Net 'ram_wdata[20]' is connected to pins 'reg_div_di[20]', 'reg_dat_di[20]''.
Warning: In design 'raven_soc', the same net is connected to more than one pin on submodule 'simpleuart'. (LINT-33)
   Net 'ram_wdata[19]' is connected to pins 'reg_div_di[19]', 'reg_dat_di[19]''.
Warning: In design 'raven_soc', the same net is connected to more than one pin on submodule 'simpleuart'. (LINT-33)
   Net 'ram_wdata[18]' is connected to pins 'reg_div_di[18]', 'reg_dat_di[18]''.
Warning: In design 'raven_soc', the same net is connected to more than one pin on submodule 'simpleuart'. (LINT-33)
   Net 'ram_wdata[17]' is connected to pins 'reg_div_di[17]', 'reg_dat_di[17]''.
Warning: In design 'raven_soc', the same net is connected to more than one pin on submodule 'simpleuart'. (LINT-33)
   Net 'ram_wdata[16]' is connected to pins 'reg_div_di[16]', 'reg_dat_di[16]''.
Warning: In design 'raven_soc', the same net is connected to more than one pin on submodule 'simpleuart'. (LINT-33)
   Net 'ram_wdata[15]' is connected to pins 'reg_div_di[15]', 'reg_dat_di[15]''.
Warning: In design 'raven_soc', the same net is connected to more than one pin on submodule 'simpleuart'. (LINT-33)
   Net 'ram_wdata[14]' is connected to pins 'reg_div_di[14]', 'reg_dat_di[14]''.
Warning: In design 'raven_soc', the same net is connected to more than one pin on submodule 'simpleuart'. (LINT-33)
   Net 'ram_wdata[13]' is connected to pins 'reg_div_di[13]', 'reg_dat_di[13]''.
Warning: In design 'raven_soc', the same net is connected to more than one pin on submodule 'simpleuart'. (LINT-33)
   Net 'ram_wdata[12]' is connected to pins 'reg_div_di[12]', 'reg_dat_di[12]''.
Warning: In design 'raven_soc', the same net is connected to more than one pin on submodule 'simpleuart'. (LINT-33)
   Net 'ram_wdata[11]' is connected to pins 'reg_div_di[11]', 'reg_dat_di[11]''.
Warning: In design 'raven_soc', the same net is connected to more than one pin on submodule 'simpleuart'. (LINT-33)
   Net 'ram_wdata[10]' is connected to pins 'reg_div_di[10]', 'reg_dat_di[10]''.
Warning: In design 'raven_soc', the same net is connected to more than one pin on submodule 'simpleuart'. (LINT-33)
   Net 'ram_wdata[9]' is connected to pins 'reg_div_di[9]', 'reg_dat_di[9]''.
Warning: In design 'raven_soc', the same net is connected to more than one pin on submodule 'simpleuart'. (LINT-33)
   Net 'ram_wdata[8]' is connected to pins 'reg_div_di[8]', 'reg_dat_di[8]''.
Warning: In design 'raven_soc', the same net is connected to more than one pin on submodule 'simpleuart'. (LINT-33)
   Net 'ram_wdata[7]' is connected to pins 'reg_div_di[7]', 'reg_dat_di[7]''.
Warning: In design 'raven_soc', the same net is connected to more than one pin on submodule 'simpleuart'. (LINT-33)
   Net 'ram_wdata[6]' is connected to pins 'reg_div_di[6]', 'reg_dat_di[6]''.
Warning: In design 'raven_soc', the same net is connected to more than one pin on submodule 'simpleuart'. (LINT-33)
   Net 'ram_wdata[5]' is connected to pins 'reg_div_di[5]', 'reg_dat_di[5]''.
Warning: In design 'raven_soc', the same net is connected to more than one pin on submodule 'simpleuart'. (LINT-33)
   Net 'ram_wdata[4]' is connected to pins 'reg_div_di[4]', 'reg_dat_di[4]''.
Warning: In design 'raven_soc', the same net is connected to more than one pin on submodule 'simpleuart'. (LINT-33)
   Net 'ram_wdata[3]' is connected to pins 'reg_div_di[3]', 'reg_dat_di[3]''.
Warning: In design 'raven_soc', the same net is connected to more than one pin on submodule 'simpleuart'. (LINT-33)
   Net 'ram_wdata[2]' is connected to pins 'reg_div_di[2]', 'reg_dat_di[2]''.
Warning: In design 'raven_soc', the same net is connected to more than one pin on submodule 'simpleuart'. (LINT-33)
   Net 'ram_wdata[1]' is connected to pins 'reg_div_di[1]', 'reg_dat_di[1]''.
Warning: In design 'raven_soc', the same net is connected to more than one pin on submodule 'simpleuart'. (LINT-33)
   Net 'ram_wdata[0]' is connected to pins 'reg_div_di[0]', 'reg_dat_di[0]''.
Warning: In design 'spimemio', the same net is connected to more than one pin on submodule 'xfer'. (LINT-33)
   Net 'n1046' is connected to pins 'din_tag[3]', 'din_cont''.
Warning: In design 'spimemio', the same net is connected to more than one pin on submodule 'add_x_2'. (LINT-33)
   Net 'n1046' is connected to pins 'A[24]', 'B[24]'', 'B[23]', 'B[22]', 'B[21]', 'B[20]', 'B[19]', 'B[18]', 'B[17]', 'B[16]', 'B[15]', 'B[14]', 'B[13]', 'B[12]', 'B[11]', 'B[10]', 'B[9]', 'B[8]', 'B[7]', 'B[6]', 'B[5]', 'B[4]', 'B[3]', 'B[1]', 'B[0]', 'CI'.
Warning: In design 'picorv32_1_1_1_1_1_0_00100000_00000000_00001000', output port 'mem_la_addr[1]' is connected directly to 'logic 0'. (LINT-52)
Warning: In design 'picorv32_1_1_1_1_1_0_00100000_00000000_00001000', output port 'mem_la_addr[0]' is connected directly to 'logic 0'. (LINT-52)
Warning: In design 'spimemio', output port 'cfgreg_do[30]' is connected directly to 'logic 0'. (LINT-52)
Warning: In design 'spimemio', output port 'cfgreg_do[29]' is connected directly to 'logic 0'. (LINT-52)
Warning: In design 'spimemio', output port 'cfgreg_do[28]' is connected directly to 'logic 0'. (LINT-52)
Warning: In design 'spimemio', output port 'cfgreg_do[27]' is connected directly to 'logic 0'. (LINT-52)
Warning: In design 'spimemio', output port 'cfgreg_do[26]' is connected directly to 'logic 0'. (LINT-52)
Warning: In design 'spimemio', output port 'cfgreg_do[25]' is connected directly to 'logic 0'. (LINT-52)
Warning: In design 'spimemio', output port 'cfgreg_do[24]' is connected directly to 'logic 0'. (LINT-52)
Warning: In design 'spimemio', output port 'cfgreg_do[23]' is connected directly to 'logic 0'. (LINT-52)
Warning: In design 'spimemio', output port 'cfgreg_do[15]' is connected directly to 'logic 0'. (LINT-52)
Warning: In design 'spimemio', output port 'cfgreg_do[14]' is connected directly to 'logic 0'. (LINT-52)
Warning: In design 'spimemio', output port 'cfgreg_do[13]' is connected directly to 'logic 0'. (LINT-52)
Warning: In design 'spimemio', output port 'cfgreg_do[12]' is connected directly to 'logic 0'. (LINT-52)
Warning: In design 'spimemio', output port 'cfgreg_do[7]' is connected directly to 'logic 0'. (LINT-52)
Warning: In design 'spimemio', output port 'cfgreg_do[6]' is connected directly to 'logic 0'. (LINT-52)
Warning: In design 'raven_soc', input pin 'pcpi_wr' of hierarchical cell 'cpu' has no internal loads and is not connected to any nets. (LINT-60)
Warning: In design 'raven_soc', input pin 'pcpi_rd[31]' of hierarchical cell 'cpu' has no internal loads and is not connected to any nets. (LINT-60)
Warning: In design 'raven_soc', input pin 'pcpi_rd[30]' of hierarchical cell 'cpu' has no internal loads and is not connected to any nets. (LINT-60)
Warning: In design 'raven_soc', input pin 'pcpi_rd[29]' of hierarchical cell 'cpu' has no internal loads and is not connected to any nets. (LINT-60)
Warning: In design 'raven_soc', input pin 'pcpi_rd[28]' of hierarchical cell 'cpu' has no internal loads and is not connected to any nets. (LINT-60)
Warning: In design 'raven_soc', input pin 'pcpi_rd[27]' of hierarchical cell 'cpu' has no internal loads and is not connected to any nets. (LINT-60)
Warning: In design 'raven_soc', input pin 'pcpi_rd[26]' of hierarchical cell 'cpu' has no internal loads and is not connected to any nets. (LINT-60)
Warning: In design 'raven_soc', input pin 'pcpi_rd[25]' of hierarchical cell 'cpu' has no internal loads and is not connected to any nets. (LINT-60)
Warning: In design 'raven_soc', input pin 'pcpi_rd[24]' of hierarchical cell 'cpu' has no internal loads and is not connected to any nets. (LINT-60)
Warning: In design 'raven_soc', input pin 'pcpi_rd[23]' of hierarchical cell 'cpu' has no internal loads and is not connected to any nets. (LINT-60)
Warning: In design 'raven_soc', input pin 'pcpi_rd[22]' of hierarchical cell 'cpu' has no internal loads and is not connected to any nets. (LINT-60)
Warning: In design 'raven_soc', input pin 'pcpi_rd[21]' of hierarchical cell 'cpu' has no internal loads and is not connected to any nets. (LINT-60)
Warning: In design 'raven_soc', input pin 'pcpi_rd[20]' of hierarchical cell 'cpu' has no internal loads and is not connected to any nets. (LINT-60)
Warning: In design 'raven_soc', input pin 'pcpi_rd[19]' of hierarchical cell 'cpu' has no internal loads and is not connected to any nets. (LINT-60)
Warning: In design 'raven_soc', input pin 'pcpi_rd[18]' of hierarchical cell 'cpu' has no internal loads and is not connected to any nets. (LINT-60)
Warning: In design 'raven_soc', input pin 'pcpi_rd[17]' of hierarchical cell 'cpu' has no internal loads and is not connected to any nets. (LINT-60)
Warning: In design 'raven_soc', input pin 'pcpi_rd[16]' of hierarchical cell 'cpu' has no internal loads and is not connected to any nets. (LINT-60)
Warning: In design 'raven_soc', input pin 'pcpi_rd[15]' of hierarchical cell 'cpu' has no internal loads and is not connected to any nets. (LINT-60)
Warning: In design 'raven_soc', input pin 'pcpi_rd[14]' of hierarchical cell 'cpu' has no internal loads and is not connected to any nets. (LINT-60)
Warning: In design 'raven_soc', input pin 'pcpi_rd[13]' of hierarchical cell 'cpu' has no internal loads and is not connected to any nets. (LINT-60)
Warning: In design 'raven_soc', input pin 'pcpi_rd[12]' of hierarchical cell 'cpu' has no internal loads and is not connected to any nets. (LINT-60)
Warning: In design 'raven_soc', input pin 'pcpi_rd[11]' of hierarchical cell 'cpu' has no internal loads and is not connected to any nets. (LINT-60)
Warning: In design 'raven_soc', input pin 'pcpi_rd[10]' of hierarchical cell 'cpu' has no internal loads and is not connected to any nets. (LINT-60)
Warning: In design 'raven_soc', input pin 'pcpi_rd[9]' of hierarchical cell 'cpu' has no internal loads and is not connected to any nets. (LINT-60)
Warning: In design 'raven_soc', input pin 'pcpi_rd[8]' of hierarchical cell 'cpu' has no internal loads and is not connected to any nets. (LINT-60)
Warning: In design 'raven_soc', input pin 'pcpi_rd[7]' of hierarchical cell 'cpu' has no internal loads and is not connected to any nets. (LINT-60)
Warning: In design 'raven_soc', input pin 'pcpi_rd[6]' of hierarchical cell 'cpu' has no internal loads and is not connected to any nets. (LINT-60)
Warning: In design 'raven_soc', input pin 'pcpi_rd[5]' of hierarchical cell 'cpu' has no internal loads and is not connected to any nets. (LINT-60)
Warning: In design 'raven_soc', input pin 'pcpi_rd[4]' of hierarchical cell 'cpu' has no internal loads and is not connected to any nets. (LINT-60)
Warning: In design 'raven_soc', input pin 'pcpi_rd[3]' of hierarchical cell 'cpu' has no internal loads and is not connected to any nets. (LINT-60)
Warning: In design 'raven_soc', input pin 'pcpi_rd[2]' of hierarchical cell 'cpu' has no internal loads and is not connected to any nets. (LINT-60)
Warning: In design 'raven_soc', input pin 'pcpi_rd[1]' of hierarchical cell 'cpu' has no internal loads and is not connected to any nets. (LINT-60)
Warning: In design 'raven_soc', input pin 'pcpi_rd[0]' of hierarchical cell 'cpu' has no internal loads and is not connected to any nets. (LINT-60)
Warning: In design 'raven_soc', input pin 'pcpi_wait' of hierarchical cell 'cpu' has no internal loads and is not connected to any nets. (LINT-60)
Warning: In design 'raven_soc', input pin 'pcpi_ready' of hierarchical cell 'cpu' has no internal loads and is not connected to any nets. (LINT-60)
1
